2026-09-11 21:46:32,498 INFO CACHE_REUSED q23_1d_adaptive_nr40_nz1_dt0.25_mf63f9f413ef6
2026-09-11 21:46:32,499 INFO CACHE_REUSED {"case_id": "q23_1d_adaptive_nr40_nz1_dt0.25_mf63f9f413ef6"}
2026-09-11 21:46:32,511 INFO CACHE_REUSED q23_1d_adaptive_nr80_nz1_dt0.25_m56c5bf06eb27
2026-09-11 21:46:32,512 INFO CACHE_REUSED {"case_id": "q23_1d_adaptive_nr80_nz1_dt0.25_m56c5bf06eb27"}
2026-09-11 21:46:32,522 INFO CACHE_REUSED q23_1d_adaptive_nr160_nz1_dt0.25_m94a220bc5006
2026-09-11 21:46:32,523 INFO CACHE_REUSED {"case_id": "q23_1d_adaptive_nr160_nz1_dt0.25_m94a220bc5006"}
INTERNAL_AUDIT q23 40/80 t=23520/259200s
INTERNAL_AUDIT q23 40/80 t=47700/259200s
INTERNAL_AUDIT q23 40/80 t=70260/259200s
INTERNAL_AUDIT q23 40/80 t=92820/259200s
INTERNAL_AUDIT q23 40/80 t=115800/259200s
INTERNAL_AUDIT q23 40/80 t=141120/259200s
INTERNAL_AUDIT q23 40/80 t=167040/259200s
INTERNAL_AUDIT q23 40/80 t=194940/259200s
INTERNAL_AUDIT q23 40/80 t=219660/259200s
INTERNAL_AUDIT q23 40/80 t=244020/259200s
2026-09-11 21:50:19,914 INFO SPATIAL_INTERNAL_AUDIT_NOTICE {"comparison": "q23_1d_spatial_40_80", "notice": "INTERNAL_MOISTURE_EXCEEDS_TOLERANCE", "acceptance_veto": false}
2026-09-11 21:50:35,952 INFO SPATIAL_INTERNAL_AUDIT_NOTICE {"comparison": "q23_1d_spatial_80_160", "notice": "INTERNAL_MOISTURE_EXCEEDS_TOLERANCE", "acceptance_veto": false}
2026-09-11 21:50:36,101 INFO CACHE_REUSED q23_1d_adaptive_nr200_nz1_dt0.25_m1ccbfdc27056_early_reference_t300
2026-09-11 21:50:36,102 INFO CACHE_REUSED {"case_id": "q23_1d_adaptive_nr200_nz1_dt0.25_m1ccbfdc27056_early_reference_t300"}
2026-09-11 21:50:36,113 INFO CACHE_REUSED q23_1d_adaptive_nr400_nz1_dt0.25_m2daefaf124e5_early_reference_t300
2026-09-11 21:50:36,114 INFO CACHE_REUSED {"case_id": "q23_1d_adaptive_nr400_nz1_dt0.25_m2daefaf124e5_early_reference_t300"}
2026-09-11 21:50:36,510 INFO SPATIAL_INTERNAL_AUDIT_NOTICE {"comparison": "q23_1d_early_spatial_80_160", "notice": "INTERNAL_MOISTURE_EXCEEDS_TOLERANCE", "acceptance_veto": false}
2026-09-11 21:50:36,919 WARNING SPATIAL_CONVERGENCE_FAILED {"case_id": "q23_1d_adaptive_nr160_nz1_dt0.25_m94a220bc5006", "failure_reasons": ["OFFICIAL_C_EXCEEDS_TOLERANCE"]}
2026-09-11 21:50:36,933 INFO CACHE_REUSED q23_1d_adaptive_nr160_nz1_dt0.125_m94a220bc5006_half_steps
2026-09-11 21:50:36,934 INFO CACHE_REUSED {"case_id": "q23_1d_adaptive_nr160_nz1_dt0.125_m94a220bc5006_half_steps"}
2026-09-11 21:51:09,450 INFO CACHE_REUSED q23_1d_adaptive_nr160_nz1_dt0.25_m94a220bc5006
2026-09-11 21:51:09,451 INFO CACHE_REUSED {"case_id": "q23_1d_adaptive_nr160_nz1_dt0.25_m94a220bc5006"}
2026-09-11 21:51:09,498 INFO CACHE_REUSED {"case_id": "q23_1d_stage_schedule_default_dt0.25_sb9b049c66d4c"}
INTERNAL_AUDIT q23 200/160 t=889/259200s
INTERNAL_AUDIT q23 200/160 t=3956/259200s
INTERNAL_AUDIT q23 200/160 t=7269/259200s
INTERNAL_AUDIT q23 200/160 t=10733/259200s
INTERNAL_AUDIT q23 200/160 t=14520/259200s
INTERNAL_AUDIT q23 200/160 t=18720/259200s
INTERNAL_AUDIT q23 200/160 t=22560/259200s
INTERNAL_AUDIT q23 200/160 t=26400/259200s
INTERNAL_AUDIT q23 200/160 t=30420/259200s
INTERNAL_AUDIT q23 200/160 t=34560/259200s
INTERNAL_AUDIT q23 200/160 t=39000/259200s
INTERNAL_AUDIT q23 200/160 t=43260/259200s
INTERNAL_AUDIT q23 200/160 t=46800/259200s
INTERNAL_AUDIT q23 200/160 t=50640/259200s
INTERNAL_AUDIT q23 200/160 t=54480/259200s
INTERNAL_AUDIT q23 200/160 t=58380/259200s
INTERNAL_AUDIT q23 200/160 t=62340/259200s
INTERNAL_AUDIT q23 200/160 t=66240/259200s
INTERNAL_AUDIT q23 200/160 t=69960/259200s
INTERNAL_AUDIT q23 200/160 t=73500/259200s
INTERNAL_AUDIT q23 200/160 t=76740/259200s
INTERNAL_AUDIT q23 200/160 t=80220/259200s
INTERNAL_AUDIT q23 200/160 t=83400/259200s
INTERNAL_AUDIT q23 200/160 t=87180/259200s
INTERNAL_AUDIT q23 200/160 t=90900/259200s
INTERNAL_AUDIT q23 200/160 t=94500/259200s
INTERNAL_AUDIT q23 200/160 t=98160/259200s
INTERNAL_AUDIT q23 200/160 t=101880/259200s
INTERNAL_AUDIT q23 200/160 t=105660/259200s
INTERNAL_AUDIT q23 200/160 t=109860/259200s
INTERNAL_AUDIT q23 200/160 t=114060/259200s
INTERNAL_AUDIT q23 200/160 t=118560/259200s
INTERNAL_AUDIT q23 200/160 t=122760/259200s
INTERNAL_AUDIT q23 200/160 t=126420/259200s
INTERNAL_AUDIT q23 200/160 t=130080/259200s
INTERNAL_AUDIT q23 200/160 t=133740/259200s
INTERNAL_AUDIT q23 200/160 t=137580/259200s
INTERNAL_AUDIT q23 200/160 t=141300/259200s
INTERNAL_AUDIT q23 200/160 t=144000/259200s
INTERNAL_AUDIT q23 200/160 t=147600/259200s
INTERNAL_AUDIT q23 200/160 t=151140/259200s
INTERNAL_AUDIT q23 200/160 t=154200/259200s
INTERNAL_AUDIT q23 200/160 t=157620/259200s
INTERNAL_AUDIT q23 200/160 t=161340/259200s
INTERNAL_AUDIT q23 200/160 t=164520/259200s
INTERNAL_AUDIT q23 200/160 t=167340/259200s
INTERNAL_AUDIT q23 200/160 t=170580/259200s
INTERNAL_AUDIT q23 200/160 t=174240/259200s
INTERNAL_AUDIT q23 200/160 t=178020/259200s
INTERNAL_AUDIT q23 200/160 t=180840/259200s
INTERNAL_AUDIT q23 200/160 t=183960/259200s
INTERNAL_AUDIT q23 200/160 t=187800/259200s
INTERNAL_AUDIT q23 200/160 t=191820/259200s
INTERNAL_AUDIT q23 200/160 t=195780/259200s
INTERNAL_AUDIT q23 200/160 t=199740/259200s
INTERNAL_AUDIT q23 200/160 t=203460/259200s
INTERNAL_AUDIT q23 200/160 t=204900/259200s
INTERNAL_AUDIT q23 200/160 t=208920/259200s
INTERNAL_AUDIT q23 200/160 t=212880/259200s
INTERNAL_AUDIT q23 200/160 t=216840/259200s
INTERNAL_AUDIT q23 200/160 t=220680/259200s
INTERNAL_AUDIT q23 200/160 t=224340/259200s
INTERNAL_AUDIT q23 200/160 t=228180/259200s
INTERNAL_AUDIT q23 200/160 t=232080/259200s
INTERNAL_AUDIT q23 200/160 t=236280/259200s
INTERNAL_AUDIT q23 200/160 t=240780/259200s
INTERNAL_AUDIT q23 200/160 t=245280/259200s
INTERNAL_AUDIT q23 200/160 t=249540/259200s
INTERNAL_AUDIT q23 200/160 t=253860/259200s
INTERNAL_AUDIT q23 200/160 t=257880/259200s
2026-09-11 22:15:32,468 INFO STAGE_PROJECTION_AUDIT_NOTICE {"case_id": "q23_1d_stage_schedule_default_dt0.25_sb9b049c66d4c", "projection_checks": {"passed": true, "acceptance_veto": false, "threshold_exceeded": true, "switches": [{"switch_time": 300.0, "temperature_passed": true, "moisture_passed": true}, {"switch_time": 1800.0, "temperature_passed": false, "moisture_passed": false}, {"switch_time": 21600.0, "temperature_passed": true, "moisture_passed": true}], "note": "Lost subcell variation is audit-only. Nonfinite/unbounded states and conservation violations still stop Stage_ProjectState."}, "acceptance_veto": false}
2026-09-11 22:15:32,649 WARNING STAGE_COARSENING_TOO_AGGRESSIVE {"case_id": "q23_1d_stage_schedule_default_dt0.25_sb9b049c66d4c", "failure_reasons": ["DRYING_TIME_EXCEEDS_TOLERANCE"], "official_temperature": {"value": 0.0007560886703572578, "signed_difference": 0.0007560886703572578, "time_s": 300.0, "r_m": 0.02, "z_m": 0.0, "coarse_value": 301.7941478672935, "fine_value": 301.79490395596383}, "official_moisture": {"value": 0.0018330304210114612, "signed_difference": -0.0018330304210114612, "time_s": 300.0, "r_m": 0.02, "z_m": 0.0, "coarse_value": 2.088061375539562, "fine_value": 2.0862283451185504}, "event_relative_difference": 0.0057109832346343885}
2026-09-11 22:15:32,686 INFO CACHE_REUSED {"case_id": "q23_1d_stage_schedule_conservative_dt0.25_s45cdf27de084"}
