2026-09-11 21:46:44,232 INFO CACHE_REUSED q4_1d_adaptive_nr40_nz1_dt0.25_ma085877c28ed
2026-09-11 21:46:44,233 INFO CACHE_REUSED {"case_id": "q4_1d_adaptive_nr40_nz1_dt0.25_ma085877c28ed"}
2026-09-11 21:46:44,243 INFO CACHE_REUSED q4_1d_adaptive_nr80_nz1_dt0.25_md66ccc838cbe
2026-09-11 21:46:44,245 INFO CACHE_REUSED {"case_id": "q4_1d_adaptive_nr80_nz1_dt0.25_md66ccc838cbe"}
2026-09-11 21:46:44,257 INFO CACHE_REUSED q4_1d_adaptive_nr160_nz1_dt0.25_m1d7a05f7e44b
2026-09-11 21:46:44,257 INFO CACHE_REUSED {"case_id": "q4_1d_adaptive_nr160_nz1_dt0.25_m1d7a05f7e44b"}
2026-09-11 21:46:49,438 INFO SPATIAL_INTERNAL_AUDIT_NOTICE {"comparison": "q4_1d_spatial_40_80", "notice": "INTERNAL_MOISTURE_EXCEEDS_TOLERANCE", "acceptance_veto": false}
INTERNAL_AUDIT q4 80/160 t=7320/259200s
INTERNAL_AUDIT q4 80/160 t=12900/259200s
INTERNAL_AUDIT q4 80/160 t=16140/259200s
INTERNAL_AUDIT q4 80/160 t=19440/259200s
INTERNAL_AUDIT q4 80/160 t=22980/259200s
INTERNAL_AUDIT q4 80/160 t=26700/259200s
INTERNAL_AUDIT q4 80/160 t=30660/259200s
INTERNAL_AUDIT q4 80/160 t=34440/259200s
INTERNAL_AUDIT q4 80/160 t=38040/259200s
INTERNAL_AUDIT q4 80/160 t=41580/259200s
INTERNAL_AUDIT q4 80/160 t=45480/259200s
INTERNAL_AUDIT q4 80/160 t=49560/259200s
INTERNAL_AUDIT q4 80/160 t=53520/259200s
INTERNAL_AUDIT q4 80/160 t=57180/259200s
INTERNAL_AUDIT q4 80/160 t=61140/259200s
INTERNAL_AUDIT q4 80/160 t=65100/259200s
INTERNAL_AUDIT q4 80/160 t=68940/259200s
INTERNAL_AUDIT q4 80/160 t=72660/259200s
INTERNAL_AUDIT q4 80/160 t=76560/259200s
INTERNAL_AUDIT q4 80/160 t=80460/259200s
INTERNAL_AUDIT q4 80/160 t=84420/259200s
INTERNAL_AUDIT q4 80/160 t=88020/259200s
INTERNAL_AUDIT q4 80/160 t=91380/259200s
INTERNAL_AUDIT q4 80/160 t=94860/259200s
INTERNAL_AUDIT q4 80/160 t=98580/259200s
INTERNAL_AUDIT q4 80/160 t=102240/259200s
INTERNAL_AUDIT q4 80/160 t=105840/259200s
INTERNAL_AUDIT q4 80/160 t=108960/259200s
INTERNAL_AUDIT q4 80/160 t=112320/259200s
INTERNAL_AUDIT q4 80/160 t=115680/259200s
INTERNAL_AUDIT q4 80/160 t=119100/259200s
INTERNAL_AUDIT q4 80/160 t=122520/259200s
INTERNAL_AUDIT q4 80/160 t=125820/259200s
INTERNAL_AUDIT q4 80/160 t=129060/259200s
INTERNAL_AUDIT q4 80/160 t=132120/259200s
INTERNAL_AUDIT q4 80/160 t=134940/259200s
INTERNAL_AUDIT q4 80/160 t=137820/259200s
INTERNAL_AUDIT q4 80/160 t=140760/259200s
INTERNAL_AUDIT q4 80/160 t=144060/259200s
INTERNAL_AUDIT q4 80/160 t=147300/259200s
INTERNAL_AUDIT q4 80/160 t=150420/259200s
INTERNAL_AUDIT q4 80/160 t=153600/259200s
INTERNAL_AUDIT q4 80/160 t=156840/259200s
INTERNAL_AUDIT q4 80/160 t=160140/259200s
INTERNAL_AUDIT q4 80/160 t=163740/259200s
INTERNAL_AUDIT q4 80/160 t=167280/259200s
INTERNAL_AUDIT q4 80/160 t=170820/259200s
INTERNAL_AUDIT q4 80/160 t=174240/259200s
INTERNAL_AUDIT q4 80/160 t=177420/259200s
INTERNAL_AUDIT q4 80/160 t=180660/259200s
INTERNAL_AUDIT q4 80/160 t=183840/259200s
INTERNAL_AUDIT q4 80/160 t=187140/259200s
INTERNAL_AUDIT q4 80/160 t=190320/259200s
INTERNAL_AUDIT q4 80/160 t=192780/259200s
INTERNAL_AUDIT q4 80/160 t=195900/259200s
INTERNAL_AUDIT q4 80/160 t=199080/259200s
INTERNAL_AUDIT q4 80/160 t=201600/259200s
INTERNAL_AUDIT q4 80/160 t=204660/259200s
INTERNAL_AUDIT q4 80/160 t=207840/259200s
INTERNAL_AUDIT q4 80/160 t=210420/259200s
INTERNAL_AUDIT q4 80/160 t=213060/259200s
INTERNAL_AUDIT q4 80/160 t=215880/259200s
INTERNAL_AUDIT q4 80/160 t=219240/259200s
INTERNAL_AUDIT q4 80/160 t=222360/259200s
INTERNAL_AUDIT q4 80/160 t=224700/259200s
INTERNAL_AUDIT q4 80/160 t=227700/259200s
INTERNAL_AUDIT q4 80/160 t=231180/259200s
INTERNAL_AUDIT q4 80/160 t=234720/259200s
INTERNAL_AUDIT q4 80/160 t=238200/259200s
INTERNAL_AUDIT q4 80/160 t=241680/259200s
INTERNAL_AUDIT q4 80/160 t=244380/259200s
INTERNAL_AUDIT q4 80/160 t=246420/259200s
INTERNAL_AUDIT q4 80/160 t=249900/259200s
INTERNAL_AUDIT q4 80/160 t=253380/259200s
INTERNAL_AUDIT q4 80/160 t=256860/259200s
2026-09-11 22:12:24,041 INFO SPATIAL_INTERNAL_AUDIT_NOTICE {"comparison": "q4_1d_spatial_80_160", "notice": "INTERNAL_MOISTURE_EXCEEDS_TOLERANCE", "acceptance_veto": false}
2026-09-11 22:12:24,105 INFO CACHE_REUSED q4_1d_adaptive_nr200_nz1_dt0.25_m60a8c7b6b2c2_early_reference_t600
2026-09-11 22:12:24,106 INFO CACHE_REUSED {"case_id": "q4_1d_adaptive_nr200_nz1_dt0.25_m60a8c7b6b2c2_early_reference_t600"}
2026-09-11 22:12:24,121 INFO CACHE_REUSED q4_1d_adaptive_nr400_nz1_dt0.25_m30266bb16d2d_early_reference_t600
2026-09-11 22:12:24,122 INFO CACHE_REUSED {"case_id": "q4_1d_adaptive_nr400_nz1_dt0.25_m30266bb16d2d_early_reference_t600"}
2026-09-11 22:12:26,213 INFO SPATIAL_INTERNAL_AUDIT_NOTICE {"comparison": "q4_1d_early_spatial_80_160", "notice": "INTERNAL_MOISTURE_EXCEEDS_TOLERANCE", "acceptance_veto": false}
2026-09-11 22:12:43,008 INFO SPATIAL_INTERNAL_AUDIT_NOTICE {"comparison": "q4_1d_spatial_200_400", "notice": "INTERNAL_MOISTURE_EXCEEDS_TOLERANCE", "acceptance_veto": false}
2026-09-11 22:12:43,030 WARNING SPATIAL_CONVERGENCE_FAILED {"case_id": "q4_1d_adaptive_nr160_nz1_dt0.25_m1d7a05f7e44b", "failure_reasons": ["OFFICIAL_C_EXCEEDS_TOLERANCE"]}
2026-09-11 22:12:43,054 INFO CACHE_REUSED q4_1d_adaptive_nr160_nz1_dt0.125_m1d7a05f7e44b_half_steps
2026-09-11 22:12:43,055 INFO CACHE_REUSED {"case_id": "q4_1d_adaptive_nr160_nz1_dt0.125_m1d7a05f7e44b_half_steps"}
2026-09-11 22:12:55,689 INFO CACHE_REUSED q4_1d_adaptive_nr160_nz1_dt0.25_m1d7a05f7e44b
2026-09-11 22:12:55,691 INFO CACHE_REUSED {"case_id": "q4_1d_adaptive_nr160_nz1_dt0.25_m1d7a05f7e44b"}
2026-09-11 22:12:55,724 INFO CACHE_REUSED {"case_id": "q4_1d_stage_schedule_default_dt0.25_s33c788387cd3"}
